// Jest Snapshot v1, https://goo.gl/fbAQLP

exports[`add snapshot for trip information  1`] = `
<DocumentFragment>
  <section
    class="container"
  >
    <section
      class="section"
    >
      <h2>
        Status of Bookings across all stops
      </h2>
      <canvas
        height="150"
        width="300"
      />
    </section>
    <section
      class="section"
    >
      <h2>
        Number of Bookings for each stop
      </h2>
      <canvas
        height="150"
        width="300"
      />
    </section>
    <section
      class="section"
    >
      <h2>
        Number of different Payment Methods for each stations
      </h2>
      <canvas
        height="150"
        width="300"
      />
    </section>
    <p>
      <a
        class="button"
        href="/"
      >
        Back to Ride
      </a>
    </p>
  </section>
</DocumentFragment>
`;
